0001        qo
0002        qc
0003        qca
0004        qes
0005        qxs
0006        qst
0007        qds
0008        qfe
0009        qfa
0010        qpa
0011        qga
0012        qinv
0013        qsave
0014        qms
0015        qmw
0016        qxw
0017        qxwreg
0018        qmwreg
0019        qxwcom
0020        qmwcom
0021        qxwwld
0022        qow
0023        kb
0024        ke
0025        globalcgds
0026        qtm
0027        pop
0028        walras_dem
0029        walras_sup
0030        qgdp
0031        po
0032        ps
0033        pca
0034        pfa
0035        pfe
0036        ppa
0037        pgov
0038        ppriv
0039        pga
0040        pds
0041        pia
0042        pmw
0043        pxw
0044        pxwreg
0045        pmwreg
0046        pxwcom
0047        pmwcom
0048        pxwwld
0049        pw
0050        peb
0051        pms
0052        pmds
0053        pfob
0054        pcif
0055        pt
0056        rental
0057        rorc
0058        rore
0059        rorg
0060        psave
0061        pinv
0062        psw
0063        pdw
0064        tot
0065        pr
0066        pgdp
0067        ao
0068        afe
0069        afa
0070        to
0071        txs
0072        tms
0073        tm
0074        tx
0075        vxwreg
0076        vmwreg
0077        vmwcif
0078        vxwfob
0079        vxwcom
0080        vmwcom
0081        vxwwld
0082        valuew
0083        vgdp
0084        y
0085        yp
0086        up
0087        ug
0088        u
0089        EV
0090        WEV
0091        del_tbal
0092        del_tbalry
0093        profitslack
0094        incomeslack
0095        endwslack
0096        cgdslack
0097        tradslack
0098        walraslack
0099        compvalad
0100        EV_ALT
0101        WEV_ALT
0102        psaveslack
0103        psave
0104        pfactwld
0105        pfactreal
0106        pfactor
0107        pcgdswld
0108        uelas
0109        uepriv
0110        ueprivev
0111        yev
0112        ypev
0113        ams
0114        dppriv
0115        dpgov
0116        dpsave
0117        dpav
0118        dpsum
0119        au
0120        gco2tw
0121        CNTco2trd
0122        del_dvco2tra
0123        gco2
0124        gco2fd
0125        gco2fm
0126        gco2gd
0127        gco2gm
0128        gco2pd
0129        gco2pm
0130        gco2id
0131        gco2im
0132        gco2q
0133        gco2qb
0134        gco2t
0135        gco2tb
0136        ppac
0137        pfac
0138        pgac
0139        piac
